// Vitest Snapshot v1, https://vitest.dev/guide/snapshot.html

exports[`Code > Snapshot > matches snapshot for block variant 1`] = `
<pre
  class="font-mono text-foreground block rounded-md bg-muted p-md text-sm font-semibold"
>
  <code>
    Code Block
  </code>
</pre>
`;

exports[`Code > Snapshot > matches snapshot for inline variant 1`] = `
<code
  class="font-mono text-foreground rounded bg-muted px-xs py-0.5 text-sm font-semibold"
>
  Inline Code
</code>
`;
