// Vitest Snapshot v1, https://vitest.dev/guide/snapshot.html

exports[`Lead > Snapshot > matches snapshot for default variant 1`] = `
<p
  class="font-sans text-lg leading-normal tracking-normal text-muted-foreground"
>
  Default Lead
</p>
`;

exports[`Lead > Snapshot > matches snapshot for non-muted variant 1`] = `
<p
  class="font-sans text-foreground text-lg leading-normal tracking-normal"
>
  Non-Muted Lead
</p>
`;
